MemTotal:       16176592 kB
MemFree:        15395616 kB
MemAvailable:   15567816 kB
Buffers:          138740 kB
Cached:           251528 kB
SwapCached:            0 kB
Active:           283956 kB
Inactive:         185872 kB
Active(anon):      81832 kB
Inactive(anon):        0 kB
Active(file):     202124 kB
Inactive(file):   185872 kB
Unevictable:          16 kB
Mlocked:               0 kB
SwapTotal:      12582904 kB
SwapFree:       12582904 kB
Zswap:                 0 kB
Zswapped:              0 kB
Dirty:                 4 kB
Writeback:             0 kB
AnonPages:         79588 kB
Mapped:           113516 kB
Shmem:              2392 kB
KReclaimable:      74424 kB
Slab:             172584 kB
SReclaimable:      74424 kB
SUnreclaim:        98160 kB
KernelStack:        3840 kB
PageTables:         6776 kB
SecPageTables:         0 kB
NFS_Unstable:          0 kB
Bounce:                0 kB
WritebackTmp:          0 kB
CommitLimit:    20671200 kB
Committed_AS:     411660 kB
VmallocTotal:   34359738367 kB
VmallocUsed:       71632 kB
VmallocChunk:          0 kB
Percpu:             4352 kB
HardwareCorrupted:     0 kB
AnonHugePages:         0 kB
ShmemHugePages:        0 kB
ShmemPmdMapped:        0 kB
FileHugePages:         0 kB
FilePmdMapped:         0 kB
CmaTotal:              0 kB
CmaFree:               0 kB
Unaccepted:            0 kB
HugePages_Total:       0
HugePages_Free:        0
HugePages_Rsvd:        0
HugePages_Surp:        0
Hugepagesize:       2048 kB
Hugetlb:               0 kB
DirectMap4k:      193844 kB
DirectMap2M:    16398336 kB
